main.c:92:9:bcdToDec	16	static
main.c:96:9:decToBcd	16	static
main.c:100:6:getLine	8	static
main.c:114:6:HAL_UART_RxCpltCallback	24	static
main.c:135:6:myprintf	16	static
main.c:146:16:setupSHT	24	static
main.c:160:6:readData	24	static
main.c:174:7:removeSpaces	24	static
main.c:185:6:openConfigFile	1232	dynamic
main.c:272:6:writeToFile	1344	static
main.c:361:5:main	64	static
main.c:505:6:SystemClock_Config	128	static
main.c:560:13:MX_ADC1_Init	48	static
main.c:623:13:MX_I2C1_Init	8	static
main.c:669:13:MX_RTC_Init	32	static
main.c:731:13:MX_SPI1_Init	8	static
main.c:771:13:MX_SPI2_Init	8	static
main.c:811:13:MX_USART1_UART_Init	8	static
main.c:847:13:MX_USB_PCD_Init	8	static
main.c:878:13:MX_GPIO_Init	48	static
main.c:939:6:Error_Handler	4	static,ignoring_inline_asm
