main.c:109:7:getRawTemp	24	static
main.c:114:6:saveCalibration	1296	static
main.c:186:6:openCalibrationFile	1224	dynamic
main.c:283:6:saveConfig	1296	static
main.c:362:9:bcdToDec	16	static
main.c:366:9:decToBcd	16	static
main.c:370:6:getLine	4	static
main.c:382:6:HAL_UART_RxCpltCallback	16	static
main.c:391:6:uart_buffering	24	static
main.c:425:6:myprintf	16	static
main.c:436:16:setupSHT	24	static
main.c:450:6:readData	56	static
main.c:517:7:removeSpaces	24	static
main.c:528:6:openConfigFile	1232	dynamic
main.c:629:6:writeToFile	1328	static
main.c:715:6:sendMyData	224	static
main.c:720:6:sendConfig	152	static
main.c:725:6:zalij	16	static
main.c:734:6:sendStatus	152	static
main.c:756:5:main	136	static
main.c:1071:6:SystemClock_Config	128	static
main.c:1124:13:MX_ADC1_Init	48	static
main.c:1187:13:MX_ADC2_Init	32	static
main.c:1242:13:MX_I2C1_Init	8	static
main.c:1288:13:MX_RTC_Init	32	static
main.c:1350:13:MX_SPI1_Init	8	static
main.c:1390:13:MX_SPI2_Init	8	static
main.c:1430:13:MX_USART1_UART_Init	8	static
main.c:1466:13:MX_USB_PCD_Init	8	static
main.c:1497:13:MX_GPIO_Init	48	static
main.c:1584:6:Error_Handler	4	static,ignoring_inline_asm
